// Jest Snapshot v1, https://goo.gl/fbAQLP

exports[`generates static TS code given DMMF 1`] = `
"export const M1 = {
  f10: {
    name: 'f10',
    type: 'String',
    isList: false,
    isRequired: true,
    isId: true,
    isUnique: false,
    hasDefaultValue: false,
    documentation: null,
  },
  f11: {
    name: 'f11',
    type: 'Int',
    isList: false,
    isRequired: true,
    isId: false,
    isUnique: false,
    hasDefaultValue: false,
    documentation: null,
  },
  f12: {
    name: 'f12',
    type: 'Float',
    isList: false,
    isRequired: true,
    isId: false,
    isUnique: false,
    hasDefaultValue: false,
    documentation: null,
  },
  f13: {
    name: 'f13',
    type: 'Boolean',
    isList: false,
    isRequired: true,
    isId: false,
    isUnique: false,
    hasDefaultValue: false,
    documentation: null,
  },
  f14: {
    name: 'f14',
    type: 'Decimal',
    isList: false,
    isRequired: true,
    isId: false,
    isUnique: false,
    hasDefaultValue: false,
    documentation: null,
  },
  f15: {
    name: 'f15',
    type: 'BigInt',
    isList: false,
    isRequired: true,
    isId: false,
    isUnique: false,
    hasDefaultValue: false,
    documentation: null,
  },
  f16: {
    name: 'f16',
    type: 'DateTime',
    isList: false,
    isRequired: true,
    isId: false,
    isUnique: false,
    hasDefaultValue: false,
    documentation: null,
  },
  f17: {
    name: 'f17',
    type: 'Json',
    isList: false,
    isRequired: true,
    isId: false,
    isUnique: false,
    hasDefaultValue: false,
    documentation: null,
  },
  f18: {
    name: 'f18',
    type: 'Bytes',
    isList: false,
    isRequired: true,
    isId: false,
    isUnique: false,
    hasDefaultValue: false,
    documentation: null,
  },
} as const"
`;
