// Jest Snapshot v1, https://goo.gl/fbAQLP

exports[`when project does not have ts-node installed nexus-prisma generator still generates if there are no TS generator config files present 1`] = `
"Prisma schema loaded from prisma/schema.prisma
You can now start using Nexus Prisma in your code. Reference: https://pris.ly/d/nexus-prisma

✔ Generated Prisma Client (2.30.0) to ./node_modules/@prisma/client in XXXms

✔ Generated Nexus Prisma to ./.yalc/nexus-prisma/dist/runtime in XXXms
You can now start using Prisma Client in your code. Reference: https://pris.ly/d/client
\`\`\`
import { PrismaClient } from '@prisma/client'
const prisma = new PrismaClient()
\`\`\`"
`;
